
> backend@1.0.0 test
> cross-env NODE_ENV=test dotenv -e .env.test -- cross-env NODE_OPTIONS=--experimental-vm-modules jest --detectOpenHandles

node.exe : (node:28892) ExperimentalWarning: VM Modules is an experimental feature and might change at any time
At C:\Program Files\nodejs\npm.ps1:29 char:3
+   & $NODE_EXE $NPM_CLI_JS $args
+   ~~~~~~~~~~~~~~~~~~~~~~~~~~~~~
    + CategoryInfo          : NotSpecified: ((node:28892) Ex...nge at any time:String) [], RemoteException
    + FullyQualifiedErrorId : NativeCommandError
 
(Use `node --trace-warnings ...` to show where the warning was created)
  console.warn
    ΓÜá∩╕Å Failed to connect to Redis. Using local in-memory cache:

    [0m [90m 65 |[39m     console[33m.[39mlog([32m'≡ƒÜÇ Redis cache connected successfully.'[39m)[33m;[39m
     [90m 66 |[39m   } [36mcatch[39m (error) {
    [31m[1m>[22m[39m[90m 67 |[39m     console[33m.[39mwarn([32m'ΓÜá∩╕Å Failed to connect to Redis. Using local in-memory cache:'[39m[33m,[39m error[33m.[39mmessage)[33m;[39m
     [90m    |[39m             [31m[1m^[22m[39m
     [90m 68 |[39m     redisClient [33m=[39m [36mnull[39m[33m;[39m
     [90m 69 |[39m     isRedisAvailable [33m=[39m [36mfalse[39m[33m;[39m
     [90m 70 |[39m   }[0m

      at initRedis (src/lib/cache.js:67:13)

FAIL tests/auth.test.js
  Authentication API
    POST /api/auth/signup
      ├ù should create a new user successfully (444 ms)
      ΓêÜ should reject signup if email already exists (185 ms)
    POST /api/auth/login
      ΓêÜ should login with valid credentials (300 ms)
      ΓêÜ should reject login with incorrect password (252 ms)
    GET /api/auth/me & RBAC
      ΓêÜ should allow access to /me with valid cookie (372 ms)
      ΓêÜ should reject normal users from accessing Admin routes (RBAC) (207 ms)

  ΓùÅ Authentication API ΓÇ║ POST /api/auth/signup ΓÇ║ should create a new user successfully

    expect(received).toBeDefined()

    Received: undefined

    [0m [90m 41 |[39m             [90m// Should return 201 Created and send a cookie[39m
     [90m 42 |[39m             expect(response[33m.[39mstatus)[33m.[39mtoBe([35m201[39m)[33m;[39m
    [31m[1m>[22m[39m[90m 43 |[39m             
expect(response[33m.[39mheaders[[32m'set-cookie'[39m])[33m.[39mtoBeDefined()[33m;[39m
     [90m    |[39m                                                    [31m[1m^[22m[39m
     [90m 44 |[39m             
expect(response[33m.[39mbody[33m.[39muser[33m.[39memail)[33m.[39mtoBe([32m"new@student.com"[39m)[33m;[39m
     [90m 45 |[39m
     [90m 46 |[39m             [90m// Verify in DB[39m[0m

      at Object.<anonymous> (tests/auth.test.js:43:52)

Test Suites: 1 failed, 1 total
Tests:       1 failed, 5 passed, 6 total
Snapshots:   0 total
Time:        4.063 s
Ran all test suites.

  ΓùÅ  Cannot log after tests are done. Did you forget to wait for something async in your test?
    Attempted to log "Email verification email sent successfully to: new@student.com".

    [0m [90m 392 |[39m
     [90m 393 |[39m     [36mawait[39m transporter[33m.[39msendMail(mailOptions)[33m;[39m
    [31m[1m>[22m[39m[90m 394 |[39m     console[33m.[39mlog([32m`Email verification email sent successfully 
to: ${email}`[39m)[33m;[39m
     [90m     |[39m             [31m[1m^[22m[39m
     [90m 395 |[39m   } [36mcatch[39m (error) {
     [90m 396 |[39m     console[33m.[39merror([32m'Error sending email verification email:'[39m[33m,[39m 
error)[33m;[39m
     [90m 397 |[39m     [36mthrow[39m error[33m;[39m[0m

      at console.log (node_modules/@jest/console/build/index.js:311:10)
      at sendEmailVerificationEmail (src/lib/emailService.js:394:13)


  ΓùÅ  Cannot log after tests are done. Did you forget to wait for something async in your test?
    Attempted to log "Verification email sent to: new@student.com".

    [0m [90m 64 |[39m             sendEmailVerificationEmail(result[33m.[39memail[33m,[39m 
result[33m.[39mfullName[33m,[39m verificationCode)
     [90m 65 |[39m                 [33m.[39mthen(() [33m=>[39m {
    [31m[1m>[22m[39m[90m 66 |[39m                     console[33m.[39mlog([32m`Verification email sent to: 
${result.email}`[39m)[33m;[39m
     [90m    |[39m                             [31m[1m^[22m[39m
     [90m 67 |[39m                 })
     [90m 68 |[39m                 [33m.[39m[36mcatch[39m((error) [33m=>[39m {
     [90m 69 |[39m                     console[33m.[39merror([32m'Failed to send verification 
email:'[39m[33m,[39m error)[33m;[39m[0m

      at console.log (node_modules/@jest/console/build/index.js:311:10)
      at src/controllers/auth.controller.js:66:29

